################################################################################
#                                                                              #
#      IAR Universal Linker V6.6.2.104                                         #
#                                                                              #
#           Link time     =  04/Feb/2022  19:12:16                             #
#           Target CPU    =  MSP430                                            #
#           List file     =  "C:\Users\Aluno\OneDrive\CEFET\Eletrônica\3º ano\ #
#                            SDIII\Projeto_Final\Programa\Debug\List\projeto_f #
#                            inal.map"                                         #
#           Output file 1 =  "C:\Users\Aluno\OneDrive\CEFET\Eletrônica\3º ano\ #
#                            SDIII\Projeto_Final\Programa\Debug\Exe\projeto_fi #
#                            nal.elf"                                          #
#                            Format: elf                                       #
#           Output file 2 =  "C:\Users\Aluno\OneDrive\CEFET\Eletrônica\3º ano\ #
#                            SDIII\Projeto_Final\Programa\Debug\Exe\projeto_fi #
#                            nal.d43"                                          #
#                            Format: ubrof10                                   #
#                            UBROF version 10.0.6                              #
#                            Using library modules for C-SPY (-rt)             #
#           Command line  =  -f C:\Users\Aluno\AppData\Local\Temp\EWF3F3.tmp   #
#                            ("C:\Users\Aluno\OneDrive\CEFET\Eletrônica\3º ano #
#                            \SDIII\Projeto_Final\Programa\Debug\Obj\funcional #
#                            idades.r43"                                       #
#                            "C:\Users\Aluno\OneDrive\CEFET\Eletrônica\3º ano\ #
#                            SDIII\Projeto_Final\Programa\Debug\Obj\keyboard.r #
#                            43"                                               #
#                            "C:\Users\Aluno\OneDrive\CEFET\Eletrônica\3º ano\ #
#                            SDIII\Projeto_Final\Programa\Debug\Obj\LCM.r43"   #
#                            "C:\Users\Aluno\OneDrive\CEFET\Eletrônica\3º ano\ #
#                            SDIII\Projeto_Final\Programa\Debug\Obj\main.r43"  #
#                            "C:\Users\Aluno\OneDrive\CEFET\Eletrônica\3º ano\ #
#                            SDIII\Projeto_Final\Programa\Debug\Obj\timer.r43" #
#                            -o                                                #
#                            "C:\Users\Aluno\OneDrive\CEFET\Eletrônica\3º ano\ #
#                            SDIII\Projeto_Final\Programa\Debug\Exe\projeto_fi #
#                            nal.d43"                                          #
#                            -l                                                #
#                            "C:\Users\Aluno\OneDrive\CEFET\Eletrônica\3º ano\ #
#                            SDIII\Projeto_Final\Programa\Debug\List\projeto_f #
#                            inal.map"                                         #
#                            -xms                                              #
#                            "-IC:\Program Files (x86)\IAR Systems\Embedded Wo #
#                            rkbench 8.5\430\LIB\\"                            #
#                            -f                                                #
#                            "C:\Program Files (x86)\IAR Systems\Embedded Work #
#                            bench 8.5\430\config\linker\lnk430f1121.xcl"      #
#                            (-cmsp430 -QCODE_I=CODE_ID -QTLS16_I=TLS16_ID     #
#                            -Z(CONST)INFO=1000-10FF                           #
#                            -Z(CONST)INFOA=1080-10FF                          #
#                            -Z(CONST)INFOB=1000-107F                          #
#                            -Z(DATA)DATA16_I,DATA16_Z,DATA16_N,TLS16_I=0200-0 #
#                            2FF                                               #
#                            -Z(DATA)DATA16_HEAP+_DATA16_HEAP_SIZE             #
#                            -Z(DATA)CODE_I -Z(DATA)CSTACK+_STACK_SIZE#        #
#                            -Z(CONST)DATA16_C,DATA16_ID,TLS16_ID,DIFUNCT,CHEC #
#                            KSUM=F000-FFDF                                    #
#                            -Z(CODE)CSTART,ISR_CODE,CODE_ID=F000-FFDF         #
#                            -P(CODE)CODE=F000-FFDF -Z(CODE)INTVEC=FFE0-FFFF   #
#                            -Z(CODE)RESET=FFFE-FFFF) -D_STACK_SIZE=50 -rt     #
#                            "C:\Program Files (x86)\IAR Systems\Embedded Work #
#                            bench 8.5\430\lib\dlib\dl430fn.r43"               #
#                            -e_PrintfLarge=_Printf -e_ScanfLarge=_Scanf       #
#                            -D_DATA16_HEAP_SIZE=50                            #
#                            "-Oelf=C:\Users\Aluno\OneDrive\CEFET\Eletrônica\3 #
#                            º ano\SDIII\Projeto_Final\Programa\Debug\Exe\proj #
#                            eto_final.elf"                                    #
#                            -s __program_start -D_DATA20_HEAP_SIZE=50)        #
#                                                                              #
#                           Copyright (C) 1987-2019 IAR Systems AB.            #
################################################################################





                ****************************************
                *                                      *
                *           CROSS REFERENCE            *
                *                                      *
                ****************************************

       Program entry at :           F02C  Relocatable, from module : ?cstart




                ****************************************
                *                                      *
                *            RUNTIME MODEL             *
                *                                      *
                ****************************************

  __Heap_Handler             = Basic
  __SystemLibrary            = DLib
  __core                     = 430
  __dlib_file_descriptor     = 0
  __dlib_full_locale_support = 0
  __double_size              = 32
  __pic                      = no
  __reg_r4                   = free
  __reg_r5                   = free
  __rt_version               = 3

                ****************************************
                *                                      *
                *    AUTOMATIC SYMBOL REDIRECTIONS     *
                *                                      *
                ****************************************

                  There are no automatic symbol redirections.



                ****************************************
                *                                      *
                *              MODULE MAP              *
                *                                      *
                ****************************************


  DEFINED ABSOLUTE ENTRIES
    *************************************************************************

  DEFINED ABSOLUTE ENTRIES
  PROGRAM MODULE, NAME : ?ABS_ENTRY_MOD

Absolute parts
           ENTRY                   ADDRESS         REF BY
           =====                   =======         ======
           _DATA20_HEAP_SIZE       0050 
           _DATA16_HEAP_SIZE       0050 
           _STACK_SIZE             0050 
    *************************************************************************

  FILE NAME : C:\Users\Aluno\OneDrive\CEFET\Eletrônica\3º ano\SDIII\Projeto_Final\Programa\Debug\Obj\funcionalidades.r43
  PROGRAM MODULE, NAME : funcionalidades

  SEGMENTS IN THE MODULE
  ======================
DATA16_Z
  Relative segment, address: 0200 - 0200 (0x1 bytes), align: 0
  Segment part 2.             Intra module refs:   decrementaSec
                                                   incrementaHora
                                                   incrementaMin
                                                   incrementaSec
                                                   modoConfig
           ENTRY                   ADDRESS         REF BY
           =====                   =======         ======
           modo                    0200            TIMER0_A1_ISR (main)
                                                   reconheceTecla (keyboard)
    -------------------------------------------------------------------------
DATA16_Z
  Relative segment, address: 0201 - 0201 (0x1 bytes), align: 0
  Segment part 3.
           ENTRY                   ADDRESS         REF BY
           =====                   =======         ======
           crono                   0201            TIMER0_A1_ISR (main)
                                                   reconheceTecla (keyboard)
    -------------------------------------------------------------------------
DATA16_Z
  Relative segment, address: 0202 - 0202 (0x1 bytes), align: 0
  Segment part 4.             Intra module refs:   decrementaSec
           ENTRY                   ADDRESS         REF BY
           =====                   =======         ======
           tempo                   0202            TIMER0_A1_ISR (main)
                                                   reconheceTecla (keyboard)
    -------------------------------------------------------------------------
DATA16_Z
  Relative segment, address: 0203 - 0208 (0x6 bytes), align: 0
  Segment part 5.             Intra module refs:   decrementaHora
                                                   decrementaMin
                                                   display
                                                   incrementaHora
                                                   incrementaMin
                                                   incrementaSec
                                                   zeraDisplay
           ENTRY                   ADDRESS         REF BY
           =====                   =======         ======
           contaRLG                0203 
    -------------------------------------------------------------------------
DATA16_Z
  Relative segment, address: 0209 - 020E (0x6 bytes), align: 0
  Segment part 6.             Intra module refs:   decrementaHoraTC
                                                   decrementaMinTC
                                                   decrementaSec
                                                   display
                                                   incrementaHoraTC
                                                   incrementaMinTC
                                                   incrementaSecTC
                                                   setaContagem
                                                   zeraDisplay
           ENTRY                   ADDRESS         REF BY
           =====                   =======         ======
           contaTC                 0209 
    -------------------------------------------------------------------------
<CODE> 1 (was CODE)
  Relative segment, address: F7F4 - F83B (0x48 bytes), align: 1
  Segment part 7.             Intra module refs:   setaContagem
           ENTRY                   ADDRESS         REF BY
           =====                   =======         ======
           display                 F7F4            TIMER0_A1_ISR (main)
                                                   reconheceTecla (keyboard)
               calls direct
    -------------------------------------------------------------------------
<CODE> 1 (was CODE)
  Relative segment, address: F7A4 - F7F3 (0x50 bytes), align: 1
  Segment part 8.             Intra module refs:   incrementaHora
                                                   incrementaHoraTC
                                                   modoConfig
           ENTRY                   ADDRESS         REF BY
           =====                   =======         ======
           zeraDisplay             F7A4 
               calls direct
    -------------------------------------------------------------------------
<CODE> 1 (was CODE)
  Relative segment, address: F940 - F961 (0x22 bytes), align: 1
  Segment part 9.
           ENTRY                   ADDRESS         REF BY
           =====                   =======         ======
           modoConfig              F940            reconheceTecla (keyboard)
               calls direct
    -------------------------------------------------------------------------
<CODE> 1 (was CODE)
  Relative segment, address: F49E - F50B (0x6e bytes), align: 1
  Segment part 12.
           ENTRY                   ADDRESS         REF BY
           =====                   =======         ======
           incrementaSec           F49E            TIMER0_A1_ISR (main)
               calls direct
    -------------------------------------------------------------------------
<CODE> 1 (was CODE)
  Relative segment, address: F430 - F49D (0x6e bytes), align: 1
  Segment part 11.            Intra module refs:   incrementaSec
           ENTRY                   ADDRESS         REF BY
           =====                   =======         ======
           incrementaMin           F430            reconheceTecla (keyboard)
               calls direct
    -------------------------------------------------------------------------
<CODE> 1 (was CODE)
  Relative segment, address: F24A - F2D1 (0x88 bytes), align: 1
  Segment part 10.            Intra module refs:   incrementaMin
           ENTRY                   ADDRESS         REF BY
           =====                   =======         ======
           incrementaHora          F24A            reconheceTecla (keyboard)
               calls direct
    -------------------------------------------------------------------------
<CODE> 1 (was CODE)
  Relative segment, address: F74E - F7A3 (0x56 bytes), align: 1
  Segment part 15.
           ENTRY                   ADDRESS         REF BY
           =====                   =======         ======
           incrementaSecTC         F74E            TIMER0_A1_ISR (main)
               calls direct
    -------------------------------------------------------------------------
<CODE> 1 (was CODE)
  Relative segment, address: F6F8 - F74D (0x56 bytes), align: 1
  Segment part 14.            Intra module refs:   incrementaSecTC
           ENTRY                   ADDRESS         REF BY
           =====                   =======         ======
           incrementaMinTC         F6F8            reconheceTecla (keyboard)
               calls direct
    -------------------------------------------------------------------------
<CODE> 1 (was CODE)
  Relative segment, address: F3C0 - F42F (0x70 bytes), align: 1
  Segment part 13.            Intra module refs:   incrementaMinTC
           ENTRY                   ADDRESS         REF BY
           =====                   =======         ======
           incrementaHoraTC        F3C0            reconheceTecla (keyboard)
               calls direct
    -------------------------------------------------------------------------
<CODE> 1 (was CODE)
  Relative segment, address: F34C - F3BF (0x74 bytes), align: 1
  Segment part 18.
           ENTRY                   ADDRESS         REF BY
           =====                   =======         ======
           decrementaSec           F34C            TIMER0_A1_ISR (main)
               calls direct
    -------------------------------------------------------------------------
<CODE> 1 (was CODE)
  Relative segment, address: F572 - F5D7 (0x66 bytes), align: 1
  Segment part 19.
           ENTRY                   ADDRESS         REF BY
           =====                   =======         ======
           decrementaMin           F572            reconheceTecla (keyboard)
               calls direct
    -------------------------------------------------------------------------
<CODE> 1 (was CODE)
  Relative segment, address: F5D8 - F639 (0x62 bytes), align: 1
  Segment part 16.            Intra module refs:   decrementaMin
                                                   decrementaMinTC
           ENTRY                   ADDRESS         REF BY
           =====                   =======         ======
           decrementaHora          F5D8            reconheceTecla (keyboard)
               calls direct
    -------------------------------------------------------------------------
<CODE> 1 (was CODE)
  Relative segment, address: F50C - F571 (0x66 bytes), align: 1
  Segment part 17.            Intra module refs:   decrementaSec
           ENTRY                   ADDRESS         REF BY
           =====                   =======         ======
           decrementaMinTC         F50C            reconheceTecla (keyboard)
               calls direct
    -------------------------------------------------------------------------
<CODE> 1 (was CODE)
  Relative segment, address: F63A - F69B (0x62 bytes), align: 1
  Segment part 20.
           ENTRY                   ADDRESS         REF BY
           =====                   =======         ======
           decrementaHoraTC        F63A            reconheceTecla (keyboard)
               calls direct
    -------------------------------------------------------------------------
<CODE> 1 (was CODE)
  Relative segment, address: F83C - F879 (0x3e bytes), align: 1
  Segment part 21.
           ENTRY                   ADDRESS         REF BY
           =====                   =======         ======
           setaContagem            F83C            reconheceTecla (keyboard)
               calls direct

    *************************************************************************

  FILE NAME : C:\Users\Aluno\OneDrive\CEFET\Eletrônica\3º ano\SDIII\Projeto_Final\Programa\Debug\Obj\keyboard.r43
  PROGRAM MODULE, NAME : keyboard

  SEGMENTS IN THE MODULE
  ======================
DATA16_AN
  Relative segment, address: 0021 - 0021 (0x1 bytes), align: 0
  Segment part 1. ROOT        Intra module refs:   configuraLCM (lcm)
                                                   enviaComando (lcm)
                                                   enviaDado (lcm)
                                                   teclado
           ENTRY                   ADDRESS         REF BY
           =====                   =======         ======
           P1OUT                   0021 
    -------------------------------------------------------------------------
DATA16_AN
  Relative segment, address: 0028 - 0028 (0x1 bytes), align: 0
  Segment part 2. ROOT        Intra module refs:   indentifica_coluna
           ENTRY                   ADDRESS         REF BY
           =====                   =======         ======
           P2IN                    0028 
    -------------------------------------------------------------------------
DATA16_AN
  Relative segment, address: 0029 - 0029 (0x1 bytes), align: 0
  Segment part 3. ROOT        Intra module refs:   configuraLCM (lcm)
                                                   enviaComando (lcm)
                                                   enviaDado (lcm)
                                                   indentifica_coluna
           ENTRY                   ADDRESS         REF BY
           =====                   =======         ======
           P2OUT                   0029 
    -------------------------------------------------------------------------
DATA16_AN
  Relative segment, address: 002A - 002A (0x1 bytes), align: 0
  Segment part 4. ROOT        Intra module refs:   confTeclado
                                                   configuraLCM (lcm)
           ENTRY                   ADDRESS         REF BY
           =====                   =======         ======
           P2DIR                   002A 
    -------------------------------------------------------------------------
DATA16_C
  Relative segment, address: F000 - F010 (0x11 bytes), align: 0
  Segment part 6.             Intra module refs:   teclado
           ENTRY                   ADDRESS         REF BY
           =====                   =======         ======
           TAB_TEC                 F000 
    -------------------------------------------------------------------------
DATA16_C
  Relative segment, address: F011 - F015 (0x5 bytes), align: 0
  Segment part 7.             Intra module refs:   teclado
           ENTRY                   ADDRESS         REF BY
           =====                   =======         ======
           TAB_LIN                 F011 
    -------------------------------------------------------------------------
<CODE> 1 (was CODE)
  Relative segment, address: F9AA - F9BB (0x12 bytes), align: 1
  Segment part 8.
           ENTRY                   ADDRESS         REF BY
           =====                   =======         ======
           confTeclado             F9AA            main (main)
    -------------------------------------------------------------------------
<CODE> 1 (was CODE)
  Relative segment, address: F1AE - F249 (0x9c bytes), align: 1
  Segment part 10.            Intra module refs:   reconheceTecla
           ENTRY                   ADDRESS         REF BY
           =====                   =======         ======
           teclado                 F1AE 
               calls direct
    -------------------------------------------------------------------------
<CODE> 1 (was CODE)
  Relative segment, address: F91C - F93F (0x24 bytes), align: 1
  Segment part 9.             Intra module refs:   teclado
           ENTRY                   ADDRESS         REF BY
           =====                   =======         ======
           indentifica_coluna      F91C 
    -------------------------------------------------------------------------
<CODE> 1 (was CODE)
  Relative segment, address: F044 - F1AD (0x16a bytes), align: 1
  Segment part 11.
           ENTRY                   ADDRESS         REF BY
           =====                   =======         ======
           reconheceTecla          F044            main (main)
               calls direct

    *************************************************************************

  FILE NAME : C:\Users\Aluno\OneDrive\CEFET\Eletrônica\3º ano\SDIII\Projeto_Final\Programa\Debug\Obj\LCM.r43
  PROGRAM MODULE, NAME : lcm

  SEGMENTS IN THE MODULE
  ======================
DATA16_AN
  Relative segment, address: 0022 - 0022 (0x1 bytes), align: 0
  Segment part 2. ROOT        Intra module refs:   configuraLCM
           ENTRY                   ADDRESS         REF BY
           =====                   =======         ======
           P1DIR                   0022 
    -------------------------------------------------------------------------
DATA16_C
  Relative segment, address: F016 - F01B (0x6 bytes), align: 0
  Segment part 6.             Intra module refs:   posicionaCursor
           ENTRY                   ADDRESS         REF BY
           =====                   =======         ======
           ENDERECOS               F016 
    -------------------------------------------------------------------------
<CODE> 1 (was CODE)
  Relative segment, address: F962 - F97D (0x1c bytes), align: 1
  Segment part 7.
           ENTRY                   ADDRESS         REF BY
           =====                   =======         ======
           configuraLCM            F962            main (main)
    -------------------------------------------------------------------------
<CODE> 1 (was CODE)
  Relative segment, address: F8A6 - F8CF (0x2a bytes), align: 1
  Segment part 9.
           ENTRY                   ADDRESS         REF BY
           =====                   =======         ======
           programaLCM             F8A6            main (main)
               calls direct
    -------------------------------------------------------------------------
<CODE> 1 (was CODE)
  Relative segment, address: F8D0 - F8F7 (0x28 bytes), align: 1
  Segment part 8.             Intra module refs:   posicionaCursor
                                                   programaLCM
           ENTRY                   ADDRESS         REF BY
           =====                   =======         ======
           enviaComando            F8D0            modoConfig (funcionalidades)
    -------------------------------------------------------------------------
<CODE> 1 (was CODE)
  Relative segment, address: F87A - F8A5 (0x2c bytes), align: 1
  Segment part 10.            Intra module refs:   enviaString
                                                   posicionaCursor
           ENTRY                   ADDRESS         REF BY
           =====                   =======         ======
           enviaDado               F87A            modoConfig (funcionalidades)
    -------------------------------------------------------------------------
<CODE> 1 (was CODE)
  Relative segment, address: F97E - F997 (0x1a bytes), align: 1
  Segment part 11.
           ENTRY                   ADDRESS         REF BY
           =====                   =======         ======
           enviaString             F97E            main (main)
               calls direct
    -------------------------------------------------------------------------
<CODE> 1 (was CODE)
  Relative segment, address: F2D2 - F34B (0x7a bytes), align: 1
  Segment part 12.
           ENTRY                   ADDRESS         REF BY
           =====                   =======         ======
           posicionaCursor         F2D2            decrementaHora (funcionalidades)
                                                   decrementaHoraTC (funcionalidades)
                                                   decrementaMin (funcionalidades)
                                                   decrementaMinTC (funcionalidades)
                                                   decrementaSec (funcionalidades)
                                                   display (funcionalidades)
                                                   incrementaHora (funcionalidades)
                                                   incrementaHoraTC (funcionalidades)
                                                   incrementaMin (funcionalidades)
                                                   incrementaMinTC (funcionalidades)
                                                   incrementaSec (funcionalidades)
                                                   incrementaSecTC (funcionalidades)
                                                   zeraDisplay (funcionalidades)
               calls direct

    *************************************************************************

  FILE NAME : C:\Users\Aluno\OneDrive\CEFET\Eletrônica\3º ano\SDIII\Projeto_Final\Programa\Debug\Obj\main.r43
  PROGRAM MODULE, NAME : main

  SEGMENTS IN THE MODULE
  ======================
DATA16_AN
  Relative segment, address: 0120 - 0121 (0x2 bytes), align: 0
  Segment part 1. ROOT        Intra module refs:   main
           ENTRY                   ADDRESS         REF BY
           =====                   =======         ======
           WDTCTL                  0120 
    -------------------------------------------------------------------------
DATA16_AN
  Relative segment, address: 012E - 012F (0x2 bytes), align: 0
  Segment part 2. ROOT        Intra module refs:   TIMER0_A1_ISR
           ENTRY                   ADDRESS         REF BY
           =====                   =======         ======
           TAIV                    012E 
    -------------------------------------------------------------------------
<CODE> 1 (was CODE)
  Relative segment, address: F8F8 - F91B (0x24 bytes), align: 1
  Segment part 6.
           ENTRY                   ADDRESS         REF BY
           =====                   =======         ======
           main                    F8F8            Segment part 19 (?cstart)
               calls direct
    -------------------------------------------------------------------------
<CODE> 1 (was CODE)
  Relative segment, address: F69C - F6F7 (0x5c bytes), align: 1
  Segment part 7.             Intra module refs:   TIMER0_A1_ISR::??INTVEC 16
           ENTRY                   ADDRESS         REF BY
           =====                   =======         ======
           TIMER0_A1_ISR           F69C 
               interrupt function
               calls direct
    -------------------------------------------------------------------------
INTVEC
  Common segment, address: FFE0 - FFF1 (0x12 bytes), align: 1
  Segment part 3. ROOT 
           ENTRY                   ADDRESS         REF BY
           =====                   =======         ======
           TIMER0_A1_ISR::??INTVEC 16
                                   FFF0 
    -------------------------------------------------------------------------
DATA16_C
  Relative segment, address: F01C - F02B (0x10 bytes), align: 0
  Segment part 5.             Intra module refs:   main

    *************************************************************************

  FILE NAME : C:\Users\Aluno\OneDrive\CEFET\Eletrônica\3º ano\SDIII\Projeto_Final\Programa\Debug\Obj\timer.r43
  PROGRAM MODULE, NAME : timer

  SEGMENTS IN THE MODULE
  ======================
DATA16_AN
  Relative segment, address: 0160 - 0161 (0x2 bytes), align: 0
  Segment part 1. ROOT        Intra module refs:   timerConfig
           ENTRY                   ADDRESS         REF BY
           =====                   =======         ======
           TACTL                   0160 
    -------------------------------------------------------------------------
DATA16_AN
  Relative segment, address: 0172 - 0173 (0x2 bytes), align: 0
  Segment part 2. ROOT        Intra module refs:   timerConfig
           ENTRY                   ADDRESS         REF BY
           =====                   =======         ======
           TACCR0                  0172 
    -------------------------------------------------------------------------
<CODE> 1 (was CODE)
  Relative segment, address: F9CC - F9DB (0x10 bytes), align: 1
  Segment part 4.
           ENTRY                   ADDRESS         REF BY
           =====                   =======         ======
           timerConfig             F9CC            main (main)

    *************************************************************************

  FILE NAME : C:\Program Files (x86)\IAR Systems\Embedded Workbench 8.5\430\lib\dlib\dl430fn.r43
  LIBRARY MODULE, NAME : ?__dbg_break

  SEGMENTS IN THE MODULE
  ======================
<CODE> 1 (was CODE)
  Relative segment, address: F9F2 - F9F3 (0x2 bytes), align: 1
  Segment part 2.
           ENTRY                   ADDRESS         REF BY
           =====                   =======         ======
           __DebugBreak            F9F2            __exit (?__exit)

    -------------------------------------------------------------------------
  LIBRARY MODULE, NAME : ?__exit

  SEGMENTS IN THE MODULE
  ======================
<CODE> 1 (was CODE)
  Relative segment, address: F998 - F9A9 (0x12 bytes), align: 1
  Segment part 2.
           ENTRY                   ADDRESS         REF BY
           =====                   =======         ======
           __exit                  F998            Segment part 6 (?_exit)
                                                   _exit (?_exit)
               calls direct

    -------------------------------------------------------------------------
  LIBRARY MODULE, NAME : ?_exit

  SEGMENTS IN THE MODULE
  ======================
<CODE> 1 (was CODE)
  Relative segment, address: F9EE, align: 1
  Segment part 0.
           ENTRY                   ADDRESS         REF BY
           =====                   =======         ======
           _exit                   F9EE            exit (?exit)
    -------------------------------------------------------------------------
<CODE> 1 (was CODE)
  Relative segment, address: F9EE - F9F1 (0x4 bytes), align: 1
  Segment part 6.             Intra module refs:   _exit

    -------------------------------------------------------------------------
  LIBRARY MODULE, NAME : ?cstart

  SEGMENTS IN THE MODULE
  ======================
CSTACK
  Relative segment, address: 02B0, align: 1
  Segment part 1.
    -------------------------------------------------------------------------
DATA16_Z
  Relative segment, address: 0200, align: 1
  Segment part 2.
    -------------------------------------------------------------------------
CSTART
  Relative segment, address: F02C - F02F (0x4 bytes), align: 1
  Segment part 9.
           ENTRY                   ADDRESS         REF BY
           =====                   =======         ======
           __program_start         F02C            ?reset_vector (?reset_vector)
                                                   Absolute parts (?ABS_ENTRY_MOD)
           ?cstart_begin           F02C 
    -------------------------------------------------------------------------
CSTART
  Relative segment, address: F030 - F03B (0xc bytes), align: 1
  Segment part 14.
           ENTRY                   ADDRESS         REF BY
           =====                   =======         ======
           ?cstart_init_zero       F030            contaRLG (funcionalidades)
                                                   contaTC (funcionalidades)
                                                   crono (funcionalidades)
                                                   modo (funcionalidades)
                                                   tempo (funcionalidades)
    -------------------------------------------------------------------------
CSTART
  Relative segment, address: F03C - F043 (0x8 bytes), align: 1
  Segment part 19.            Intra module refs:   Segment part 9
           ENTRY                   ADDRESS         REF BY
           =====                   =======         ======
           ?cstart_call_main       F03C 
           ?cstart_end             F044 

    -------------------------------------------------------------------------
  LIBRARY MODULE, NAME : ?reset_vector

  SEGMENTS IN THE MODULE
  ======================
RESET
  Relative segment, address: FFFE - FFFF (0x2 bytes), align: 1
  Segment part 0.
           ENTRY                   ADDRESS         REF BY
           =====                   =======         ======
           ?reset_vector           FFFE            Segment part 9 (?cstart)

    -------------------------------------------------------------------------
  LIBRARY MODULE, NAME : ?Epilogue

  SEGMENTS IN THE MODULE
  ======================
<CODE> 1 (was CODE)
  Relative segment, address: F9DC - F9DD (0x2 bytes), align: 1
  Segment part 2.
           ENTRY                   ADDRESS         REF BY
           =====                   =======         ======
           ?Epilogue6              F9DC            setaContagem (funcionalidades)
    -------------------------------------------------------------------------
<CODE> 1 (was CODE)
  Relative segment, address: F9DE - F9DF (0x2 bytes), align: 1
  Segment part 3.             Intra module refs:   ?Epilogue6
           ENTRY                   ADDRESS         REF BY
           =====                   =======         ======
           ?Epilogue5              F9DE 
    -------------------------------------------------------------------------
<CODE> 1 (was CODE)
  Relative segment, address: F9E0 - F9E1 (0x2 bytes), align: 1
  Segment part 4.             Intra module refs:   ?Epilogue5
           ENTRY                   ADDRESS         REF BY
           =====                   =======         ======
           ?Epilogue4              F9E0 
    -------------------------------------------------------------------------
<CODE> 1 (was CODE)
  Relative segment, address: F9E2 - F9E9 (0x8 bytes), align: 1
  Segment part 5.             Intra module refs:   ?Epilogue4
           ENTRY                   ADDRESS         REF BY
           =====                   =======         ======
           ?Epilogue3              F9E2 

    -------------------------------------------------------------------------
  LIBRARY MODULE, NAME : ?exit

  SEGMENTS IN THE MODULE
  ======================
<CODE> 1 (was CODE)
  Relative segment, address: F9EA - F9ED (0x4 bytes), align: 1
  Segment part 2.
           ENTRY                   ADDRESS         REF BY
           =====                   =======         ======
           exit                    F9EA            Segment part 19 (?cstart)
               calls direct

    -------------------------------------------------------------------------
  LIBRARY MODULE, NAME : ?memzero

  SEGMENTS IN THE MODULE
  ======================
<CODE> 1 (was CODE)
  Relative segment, address: F9BC - F9CB (0x10 bytes), align: 1
  Segment part 2.
           ENTRY                   ADDRESS         REF BY
           =====                   =======         ======
           __data16_memzero        F9BC            ?cstart_init_zero (?cstart)




                ****************************************
                *                                      *
                *      SEGMENTS IN ADDRESS ORDER       *
                *                                      *
                ****************************************


SEGMENT              SPACE    START ADDRESS   END ADDRESS     SIZE  TYPE  ALIGN
=======              =====    =============   ===========     ====  ====  =====
DATA16_AN                              0021 - 0022               2   rel    0
                                       0028 - 002A               3 
                                       0120 - 0121               2 
                                       012E - 012F               2 
                                       0160 - 0161               2 
                                       0172 - 0173               2 
DATA16_I                                  0200                       dse    0
DATA16_Z                               0200 - 020E               F   rel    1
CSTACK                                 02B0 - 02FF              50   rel    1
DATA16_C                               F000 - F02B              2C   rel    0
CSTART                                 F02C - F043              18   rel    1
<CODE> 1                               F044 - F9F3             9B0   rel    1
INTVEC                                 FFE0 - FFF1              12   com    1
RESET                                  FFFE - FFFF               2   rel    1

                ****************************************
                *                                      *
                *        END OF CROSS REFERENCE        *
                *                                      *
                ****************************************

 2 524 bytes of CODE  memory
    95 bytes of DATA  memory (+ 13 absolute )
    44 bytes of CONST memory

Errors: none
Warnings: none

